Enter password: ************
Welcome to the MySQL monitor.  Commands end with ; or \g.
Your MySQL connection id is 11
Server version: 8.0.33 MySQL Community Server - GPL

Copyright (c) 2000, 2023, Oracle and/or its affiliates.

Oracle is a registered trademark of Oracle Corporation and/or its
affiliates. Other names may be trademarks of their respective
owners.

Type 'help;' or '\h' for help. Type '\c' to clear the current input statement.

mysql> SHOW DATABASES;
+--------------------+
| Database           |
+--------------------+
| information_schema |
| mysql              |
| performance_schema |
| sys                |
+--------------------+
4 rows in set (0.01 sec)

mysql> CREATE DATABASE productos;
Query OK, 1 row affected (0.04 sec)

mysql> SHOW DATABASES;
+--------------------+
| Database           |
+--------------------+
| information_schema |
| mysql              |
| performance_schema |
| productos          |
| sys                |
+--------------------+
5 rows in set (0.00 sec)

mysql> USE DATABASE productos;
ERROR 1049 (42000): Unknown database 'database'
mysql> USE productos;
Database changed
mysql> SHOW DATABASES
    -> SHOW DATABASES;
ERROR 1064 (42000): You have an error in your SQL syntax; check the manual that corresponds to your MySQL server version for the right syntax to use near 'SHOW DATABASES' at line 2
mysql> SHOW DATABASES;
+--------------------+
| Database           |
+--------------------+
| information_schema |
| mysql              |
| performance_schema |
| productos          |
| sys                |
+--------------------+
5 rows in set (0.00 sec)

mysql> CREATE TABLE clientes;
ERROR 4028 (HY000): A table must have at least one visible column.
mysql> CREATE TABLE clientes (id INT, PRIMARY_KEY, AUTO_INCREMENT, nombre VARCHAR(255), apellido VARCHAR (255), correo_electronico VARCHAR (255), telefono VARCHAR (20));
ERROR 1064 (42000): You have an error in your SQL syntax; check the manual that corresponds to your MySQL server version for the right syntax to use near ', AUTO_INCREMENT, nombre VARCHAR(255), apellido VARCHAR (255), correo_electronic' at line 1
mysql> mysql> CREATE TABLE clientes (id INT PRIMARY_KEY AUTO_INCREMENT, nombre VARCHAR(255), apellido VARCHAR (255), correo_electronico VARCHAR (255), telefono VARCHAR (20));
ERROR 1064 (42000): You have an error in your SQL syntax; check the manual that corresponds to your MySQL server version for the right syntax to use near 'mysql> CREATE TABLE clientes (id INT PRIMARY_KEY AUTO_INCREMENT, nombre VARCHAR(' at line 1
mysql> CREATE TABLE clientes (id INT PRIMARY_KEY AUTO_INCREMENT nombre VARCHAR(255), apellido VARCHAR (255), correo_electronico VARCHAR (255), telefono VARCHAR (20));
ERROR 1064 (42000): You have an error in your SQL syntax; check the manual that corresponds to your MySQL server version for the right syntax to use near 'PRIMARY_KEY AUTO_INCREMENT nombre VARCHAR(255), apellido VARCHAR (255), correo_e' at line 1
mysql> CREATE TABLE clientes (id INT PRIMARY_KEY AUTO_INCREMENT, nombre VARCHAR(255), apellido VARCHAR (255), correo VARCHAR (255), telefono VARCHAR (20));
ERROR 1064 (42000): You have an error in your SQL syntax; check the manual that corresponds to your MySQL server version for the right syntax to use near 'PRIMARY_KEY AUTO_INCREMENT, nombre VARCHAR(255), apellido VARCHAR (255), correo ' at line 1
mysql> CREATE TABLE clientes (id INT PRIMARY_KEY AUTO_INCREMENT, nombre VARCHAR(255), apellido VARCHAR (255), correo_electronico VARCHAR (255), telefono VARCHAR (20));
ERROR 1064 (42000): You have an error in your SQL syntax; check the manual that corresponds to your MySQL server version for the right syntax to use near 'PRIMARY_KEY AUTO_INCREMENT, nombre VARCHAR(255), apellido VARCHAR (255), correo_' at line 1
mysql> CREATE TABLE clientes (id INT PRIMARY_KEY AUTO_INCREMENT, nombre VARCHAR (255), apellido VARCHAR (255), correo_electronico VARCHAR (255), telefono VARCHAR (20));
ERROR 1064 (42000): You have an error in your SQL syntax; check the manual that corresponds to your MySQL server version for the right syntax to use near 'PRIMARY_KEY AUTO_INCREMENT, nombre VARCHAR (255), apellido VARCHAR (255), correo' at line 1
mysql> CREATE TABLE clientes (id INT, nombre VARCHAR (255), apellido VARCHAR (255), correo_electronico VARCHAR (255), telefono VARCHAR (20));
Query OK, 0 rows affected (0.06 sec)

mysql> SHOW TABLES;
+---------------------+
| Tables_in_productos |
+---------------------+
| clientes            |
+---------------------+
1 row in set (0.00 sec)

mysql> SHOW DATABASES;
+--------------------+
| Database           |
+--------------------+
| information_schema |
| mysql              |
| performance_schema |
| productos          |
| sys                |
+--------------------+
5 rows in set (0.00 sec)

mysql> INSERT INTO clientes (nombre, apellido, correo_electronico, telefono) VALUES ("Juan", "Perez", "juan.perez@example.com", "1234567890");
Query OK, 1 row affected (0.03 sec)

mysql> SHOW TABLES;
+---------------------+
| Tables_in_productos |
+---------------------+
| clientes            |
+---------------------+
1 row in set (0.00 sec)

mysql> SHOW TABLES clientes;
ERROR 1064 (42000): You have an error in your SQL syntax; check the manual that corresponds to your MySQL server version for the right syntax to use near 'clientes' at line 1
mysql> INSERT INTO clientes (nombre, apellido, correo_electronico, telefono) VALUES ("Maria", "Gomez", "maria.gomez@example.com", "0987654321");
Query OK, 1 row affected (0.00 sec)

mysql> INSERT INTO clientes (nombre, apellido, correo_electronico, telefono) VALUES ("Carlos", "Rodriguez", "carlos.rodriguez@example.com", "1122334455");
Query OK, 1 row affected (0.00 sec)

mysql> INSERT INTO clientes (nombre, apellido, correo_electronico, telefono) VALUES ("Ana", "Martinez", "ana.martinez@example.com", "2233445566");
Query OK, 1 row affected (0.00 sec)

mysql> INSERT INTO clientes (nombre, apellido, correo_electronico, telefono) VALUES ("Lucia", "Fernandez", "lucia.fernandez@example.com", "3344556677");
Query OK, 1 row affected (0.00 sec)

mysql> DESC clientes;
+--------------------+--------------+------+-----+---------+-------+
| Field              | Type         | Null | Key | Default | Extra |
+--------------------+--------------+------+-----+---------+-------+
| id                 | int          | YES  |     | NULL    |       |
| nombre             | varchar(255) | YES  |     | NULL    |       |
| apellido           | varchar(255) | YES  |     | NULL    |       |
| correo_electronico | varchar(255) | YES  |     | NULL    |       |
| telefono           | varchar(20)  | YES  |     | NULL    |       |
+--------------------+--------------+------+-----+---------+-------+
5 rows in set (0.01 sec)

mysql> INSERT INTO clientes (nombre, apellido, correo_electronico, telefono) VALUES ("Juan", "Perez", "juan.perez@example.com", "1234567890");
Query OK, 1 row affected (0.00 sec)

mysql> DESC clientes;
+--------------------+--------------+------+-----+---------+-------+
| Field              | Type         | Null | Key | Default | Extra |
+--------------------+--------------+------+-----+---------+-------+
| id                 | int          | YES  |     | NULL    |       |
| nombre             | varchar(255) | YES  |     | NULL    |       |
| apellido           | varchar(255) | YES  |     | NULL    |       |
| correo_electronico | varchar(255) | YES  |     | NULL    |       |
| telefono           | varchar(20)  | YES  |     | NULL    |       |
+--------------------+--------------+------+-----+---------+-------+
5 rows in set (0.00 sec)

mysql> CREATE TABLE clientes (id INT AUTO_INCREMENT PRIMARY_KEY, nombre VARCHAR (255), apellido VARCHAR (255), correo_electronico VARCHAR (255), telefono VARCHAR (20));
ERROR 1064 (42000): You have an error in your SQL syntax; check the manual that corresponds to your MySQL server version for the right syntax to use near 'PRIMARY_KEY, nombre VARCHAR (255), apellido VARCHAR (255), correo_electronico VA' at line 1
mysql> DESC  clientes;
+--------------------+--------------+------+-----+---------+-------+
| Field              | Type         | Null | Key | Default | Extra |
+--------------------+--------------+------+-----+---------+-------+
| id                 | int          | YES  |     | NULL    |       |
| nombre             | varchar(255) | YES  |     | NULL    |       |
| apellido           | varchar(255) | YES  |     | NULL    |       |
| correo_electronico | varchar(255) | YES  |     | NULL    |       |
| telefono           | varchar(20)  | YES  |     | NULL    |       |
+--------------------+--------------+------+-----+---------+-------+
5 rows in set (0.00 sec)

mysql> SELECT * FROM productos;
ERROR 1146 (42S02): Table 'productos.productos' doesn't exist
mysql> SELECT * FROM clientes;
+------+--------+-----------+------------------------------+------------+
| id   | nombre | apellido  | correo_electronico           | telefono   |
+------+--------+-----------+------------------------------+------------+
| NULL | Juan   | Perez     | juan.perez@example.com       | 1234567890 |
| NULL | Maria  | Gomez     | maria.gomez@example.com      | 0987654321 |
| NULL | Carlos | Rodriguez | carlos.rodriguez@example.com | 1122334455 |
| NULL | Ana    | Martinez  | ana.martinez@example.com     | 2233445566 |
| NULL | Lucia  | Fernandez | lucia.fernandez@example.com  | 3344556677 |
| NULL | Juan   | Perez     | juan.perez@example.com       | 1234567890 |
+------+--------+-----------+------------------------------+------------+
6 rows in set (0.00 sec)

